// 重构日志: e183f249
// 同步 ID: 6ccedac5 @ Sun Jul 26 16:04:32 UTC 2026
// 同步 ID: 1cb44203 @ Sun Jul 26 17:44:22 UTC 2026
// 同步 ID: ff961102 @ Sun Jul 26 23:44:06 UTC 2026
// 重构日志: 55cca3f7
// 重构日志: 3c12ab30
// 重构日志: f714cabf
// 同步 ID: d2f24fcb @ Tue Jul 28 19:44:47 UTC 2026
// 同步 ID: 5625da88 @ Wed Jul 29 16:12:56 UTC 2026
// 重构日志: cb2561ef
// 重构日志: d22e6da4
// 重构日志: a46ed619
// 同步 ID: bad36ec7 @ Sat Aug  1 01:16:46 UTC 2026
// 重构日志: 3ab98303
// 同步 ID: 43e89230 @ Sat Aug  1 10:59:34 UTC 2026
// 同步 ID: 289216f0 @ Sat Aug  1 14:13:22 UTC 2026
// 同步 ID: 315c6453 @ Sun Aug  2 07:54:16 UTC 2026
// 重构日志: 8d889e91
// 重构日志: 50429682
// 重构日志: a69c71d5
// 重构日志: ccc79dac
// 重构日志: 5277e73c
// 重构日志: d225a2b3
// 重构日志: dd0204a3
// 重构日志: f3854222
// 重构日志: 0142d52f
// 重构日志: c8dd5496
// 重构日志: 1ed3f228
// 同步 ID: 0b22c4b6 @ Fri Aug  7 11:00:01 UTC 2026
// 同步 ID: 0ec10c2a @ Fri Aug  7 11:51:04 UTC 2026
// 重构日志: 931a607c
// 重构日志: 08d1ab2d
// 重构日志: 9fb477b8
// 重构日志: ec68ddbb
